Warning: You are sending unauthenticated requests to the HF Hub. Please set a HF_TOKEN to enable higher rate limits and faster downloads.
loaded 600000 train rows, 4000 test rows in 84s
params: 83100
step 1000 min 2 loss 0.510 held-out greedy whole 0.579 frag 0.589
step 2000 min 4 loss 0.419 held-out greedy whole 0.608 frag 0.680
step 3000 min 7 loss 0.409 held-out greedy whole 0.614 frag 0.660
step 4000 min 9 loss 0.389 held-out greedy whole 0.611 frag 0.664
step 5000 min 11 loss 0.394 held-out greedy whole 0.614 frag 0.656
step 6000 min 13 loss 0.446 held-out greedy whole 0.640 frag 0.648
step 7000 min 15 loss 0.348 held-out greedy whole 0.643 frag 0.660
step 8000 min 18 loss 0.453 held-out greedy whole 0.646 frag 0.676
step 9000 min 20 loss 0.414 held-out greedy whole 0.643 frag 0.656
step 10000 min 22 loss 0.331 held-out greedy whole 0.651 frag 0.660
step 11000 min 24 loss 0.372 held-out greedy whole 0.654 frag 0.672
step 12000 min 26 loss 0.433 held-out greedy whole 0.671 frag 0.652
step 13000 min 29 loss 0.334 held-out greedy whole 0.643 frag 0.664
step 14000 min 31 loss 0.314 held-out greedy whole 0.651 frag 0.680
step 15000 min 33 loss 0.365 held-out greedy whole 0.637 frag 0.680
step 16000 min 35 loss 0.390 held-out greedy whole 0.657 frag 0.644
step 17000 min 37 loss 0.332 held-out greedy whole 0.666 frag 0.672
step 18000 min 40 loss 0.415 held-out greedy whole 0.657 frag 0.660
step 19000 min 42 loss 0.372 held-out greedy whole 0.648 frag 0.668
step 20000 min 44 loss 0.415 held-out greedy whole 0.651 frag 0.648
step 21000 min 46 loss 0.409 held-out greedy whole 0.648 frag 0.676
step 22000 min 48 loss 0.350 held-out greedy whole 0.660 frag 0.676
step 23000 min 51 loss 0.362 held-out greedy whole 0.663 frag 0.688
step 24000 min 53 loss 0.306 held-out greedy whole 0.666 frag 0.672
step 25000 min 55 loss 0.426 held-out greedy whole 0.683 frag 0.672
step 26000 min 57 loss 0.374 held-out greedy whole 0.646 frag 0.668
step 27000 min 60 loss 0.380 held-out greedy whole 0.651 frag 0.652
step 28000 min 62 loss 0.305 held-out greedy whole 0.671 frag 0.660
step 29000 min 64 loss 0.293 held-out greedy whole 0.692 frag 0.676
step 30000 min 66 loss 0.313 held-out greedy whole 0.660 frag 0.692
step 31000 min 68 loss 0.299 held-out greedy whole 0.663 frag 0.672
step 32000 min 71 loss 0.361 held-out greedy whole 0.646 frag 0.676
step 33000 min 73 loss 0.313 held-out greedy whole 0.674 frag 0.676
step 34000 min 75 loss 0.369 held-out greedy whole 0.666 frag 0.684
step 35000 min 77 loss 0.304 held-out greedy whole 0.666 frag 0.644
step 36000 min 79 loss 0.326 held-out greedy whole 0.677 frag 0.660
step 37000 min 82 loss 0.306 held-out greedy whole 0.671 frag 0.660
step 38000 min 84 loss 0.344 held-out greedy whole 0.680 frag 0.672
step 39000 min 86 loss 0.361 held-out greedy whole 0.686 frag 0.696
step 40000 min 88 loss 0.345 held-out greedy whole 0.686 frag 0.660
step 41000 min 91 loss 0.306 held-out greedy whole 0.654 frag 0.664
step 42000 min 93 loss 0.353 held-out greedy whole 0.671 frag 0.684
step 43000 min 95 loss 0.271 held-out greedy whole 0.686 frag 0.660
step 44000 min 97 loss 0.354 held-out greedy whole 0.671 frag 0.664
step 45000 min 99 loss 0.336 held-out greedy whole 0.677 frag 0.680
step 46000 min 102 loss 0.394 held-out greedy whole 0.689 frag 0.688
step 47000 min 104 loss 0.343 held-out greedy whole 0.695 frag 0.680
step 48000 min 106 loss 0.331 held-out greedy whole 0.692 frag 0.676
step 49000 min 108 loss 0.293 held-out greedy whole 0.680 frag 0.640
step 50000 min 111 loss 0.251 held-out greedy whole 0.686 frag 0.676
step 51000 min 113 loss 0.297 held-out greedy whole 0.686 frag 0.664
step 52000 min 115 loss 0.322 held-out greedy whole 0.686 frag 0.668
step 53000 min 117 loss 0.349 held-out greedy whole 0.695 frag 0.680
step 54000 min 120 loss 0.277 held-out greedy whole 0.700 frag 0.640
step 55000 min 122 loss 0.267 held-out greedy whole 0.677 frag 0.660
step 56000 min 124 loss 0.335 held-out greedy whole 0.689 frag 0.684
step 57000 min 126 loss 0.339 held-out greedy whole 0.697 frag 0.676
step 58000 min 129 loss 0.368 held-out greedy whole 0.695 frag 0.652
step 59000 min 131 loss 0.268 held-out greedy whole 0.689 frag 0.652
step 60000 min 133 loss 0.350 held-out greedy whole 0.692 frag 0.688
step 61000 min 135 loss 0.296 held-out greedy whole 0.686 frag 0.672
step 62000 min 137 loss 0.320 held-out greedy whole 0.692 frag 0.672
step 63000 min 140 loss 0.344 held-out greedy whole 0.680 frag 0.684
step 64000 min 142 loss 0.320 held-out greedy whole 0.695 frag 0.636
step 65000 min 144 loss 0.344 held-out greedy whole 0.689 frag 0.684
step 66000 min 146 loss 0.334 held-out greedy whole 0.695 frag 0.672
step 67000 min 148 loss 0.260 held-out greedy whole 0.718 frag 0.684
step 68000 min 151 loss 0.359 held-out greedy whole 0.697 frag 0.684
step 69000 min 153 loss 0.342 held-out greedy whole 0.692 frag 0.676
step 70000 min 155 loss 0.316 held-out greedy whole 0.695 frag 0.668
step 71000 min 157 loss 0.329 held-out greedy whole 0.695 frag 0.640
step 72000 min 160 loss 0.315 held-out greedy whole 0.692 frag 0.668
step 73000 min 162 loss 0.330 held-out greedy whole 0.695 frag 0.676
step 74000 min 164 loss 0.288 held-out greedy whole 0.686 frag 0.656
step 75000 min 166 loss 0.297 held-out greedy whole 0.709 frag 0.664
step 76000 min 169 loss 0.292 held-out greedy whole 0.700 frag 0.688
step 77000 min 171 loss 0.289 held-out greedy whole 0.695 frag 0.676
step 78000 min 173 loss 0.275 held-out greedy whole 0.680 frag 0.692
step 79000 min 175 loss 0.287 held-out greedy whole 0.697 frag 0.660
step 80000 min 178 loss 0.290 held-out greedy whole 0.709 frag 0.668
step 81000 min 180 loss 0.239 held-out greedy whole 0.697 frag 0.672
step 82000 min 182 loss 0.333 held-out greedy whole 0.712 frag 0.660
step 83000 min 184 loss 0.338 held-out greedy whole 0.700 frag 0.664
step 84000 min 187 loss 0.329 held-out greedy whole 0.683 frag 0.680
step 85000 min 189 loss 0.282 held-out greedy whole 0.697 frag 0.680
step 86000 min 191 loss 0.329 held-out greedy whole 0.695 frag 0.676
step 87000 min 193 loss 0.256 held-out greedy whole 0.700 frag 0.668
step 88000 min 196 loss 0.299 held-out greedy whole 0.709 frag 0.660
step 89000 min 198 loss 0.283 held-out greedy whole 0.703 frag 0.672
step 90000 min 200 loss 0.262 held-out greedy whole 0.695 frag 0.676
step 91000 min 202 loss 0.316 held-out greedy whole 0.686 frag 0.664
step 92000 min 204 loss 0.357 held-out greedy whole 0.700 frag 0.684
step 93000 min 207 loss 0.285 held-out greedy whole 0.697 frag 0.668
step 94000 min 209 loss 0.279 held-out greedy whole 0.700 frag 0.664
step 95000 min 211 loss 0.264 held-out greedy whole 0.695 frag 0.692
step 96000 min 213 loss 0.282 held-out greedy whole 0.703 frag 0.680
step 97000 min 216 loss 0.302 held-out greedy whole 0.692 frag 0.692
step 98000 min 218 loss 0.320 held-out greedy whole 0.703 frag 0.676
step 99000 min 220 loss 0.311 held-out greedy whole 0.692 frag 0.672
step 100000 min 222 loss 0.271 held-out greedy whole 0.689 frag 0.676
step 101000 min 224 loss 0.328 held-out greedy whole 0.695 frag 0.684
step 102000 min 227 loss 0.318 held-out greedy whole 0.692 frag 0.684
step 103000 min 229 loss 0.267 held-out greedy whole 0.695 frag 0.688
step 104000 min 231 loss 0.326 held-out greedy whole 0.695 frag 0.688
step 105000 min 233 loss 0.308 held-out greedy whole 0.689 frag 0.692
step 106000 min 236 loss 0.275 held-out greedy whole 0.695 frag 0.680
step 107000 min 238 loss 0.281 held-out greedy whole 0.697 frag 0.688
step 108000 min 240 loss 0.341 held-out greedy whole 0.700 frag 0.688
step 109000 min 242 loss 0.326 held-out greedy whole 0.692 frag 0.684
step 110000 min 245 loss 0.272 held-out greedy whole 0.697 frag 0.680
step 111000 min 247 loss 0.196 held-out greedy whole 0.692 frag 0.680
step 112000 min 249 loss 0.305 held-out greedy whole 0.692 frag 0.688
step 113000 min 251 loss 0.293 held-out greedy whole 0.692 frag 0.680
step 114000 min 253 loss 0.257 held-out greedy whole 0.692 frag 0.680
step 115000 min 256 loss 0.303 held-out greedy whole 0.689 frag 0.688
step 116000 min 258 loss 0.301 held-out greedy whole 0.689 frag 0.684
step 117000 min 260 loss 0.274 held-out greedy whole 0.689 frag 0.680
step 118000 min 262 loss 0.239 held-out greedy whole 0.689 frag 0.684
step 119000 min 264 loss 0.303 held-out greedy whole 0.689 frag 0.680
step 120000 min 267 loss 0.281 held-out greedy whole 0.689 frag 0.680
step 121000 min 269 loss 0.258 held-out greedy whole 0.689 frag 0.684
final step 121451: held-out greedy exact whole 0.717 (n=2351), fragments 0.704 (n=1649)
wrote out/model_futo_v1.kctc
